╭─────────────────────────────────────╮ ╭──────────────────────────────────────────────────────────────────────────────╮
│ dashboard                   3 total │ │ details                                                                      │
│ ─────────────────────────────────── │ │ ──────────────────────────────────────────────────────────────────────────── │
│    / search…                        │ │ select a meeting to preview                                                  │
│                                     │ │                                                                              │
│  ▸ Quarterly…  May 20 09:00         │ │                                                                              │
│    ◆ 2 decisions   ▸ 3 actions      │ │                                                                              │
│    Vendor be…  May 19 14:00  todo   │ │                                                                              │
│    ·                                │ │                                                                              │
│    Hiring lo…  May 18 11:00         │ │                                                                              │
│    ·                                │ │                                                                              │
│                                     │ │                                                                              │
│    / search  ↑/↓ nav  ⏎ open        │ │                                                                              │
│                                     │ │                                                                              │
│                                     │ │                                                                              │
│                                     │ │                                                                              │
│                                     │ │                                                                              │
│                                     │ │                                                                              │
│                                     │ │                                                                              │
│                                     │ │                                                                              │
│                                     │ │                                                                              │
│                                     │ │                                                                              │
│                                     │ │                                                                              │
│                                     │ │                                                                              │
│                                     │ │                                                                              │
│                                     │ │                                                                              │
│                                     │ │                                                                              │
│                                     │ │                                                                              │
│                                     │ │                                                                              │
╰─────────────────────────────────────╯ ╰──────────────────────────────────────────────────────────────────────────────╯