╭────────────────────────────────────────────────────────────────────╮
│ dashboard                                                  3 total │
│ ────────────────────────────────────────────────────────────────── │
│    / search…                                                       │
│                                                                    │
│  ▸ Quarterly planning                         May 20 09:00         │
│    ◆ 2 decisions   ▸ 3 actions                                     │
│    Vendor benchmark                           May 19 14:00  todo   │
│    ·                                                               │
│    Hiring loop debrief                        May 18 11:00         │
│    ·                                                               │
│                                                                    │
│    / search  ↑/↓ navigate  ⏎ open  n next hit  x clear             │
│                                                                    │
│                                                                    │
│                                                                    │
│                                                                    │
│                                                                    │
│                                                                    │
│                                                                    │
│                                                                    │
│                                                                    │
│                                                                    │
╰────────────────────────────────────────────────────────────────────╯