╭──────────────────────────────────────────────────╮ ╭─────────────────────────────────────────────────────────────────────────────────────╮
│ dashboard                                3 total │ │ Details                                                                             │
│ ──────────────────────────────────────────────── │ │ ─────────────────────────────────────────────────────────────────────────────────── │
│    / search…                                     │ │ select a meeting to preview                                                         │
│                                                  │ │                                                                                     │
│ ▍▸ Design review: Search v2         May 20 09:00 │ │                                                                                     │
│ ▍  ◆ 2 decisions   ⚑2                            │ │                                                                                     │
│ ▍  Security incident retro          May 20 09:00 │ │                                                                                     │
│ ▍  ⚑2                                            │ │                                                                                     │
│    Quarterly planning               May 20 09:00 │ │                                                                                     │
│    ▸ 3 actions                                   │ │                                                                                     │
│                                                  │ │                                                                                     │
│                                                  │ │                                                                                     │
│                                                  │ │                                                                                     │
│                                                  │ │                                                                                     │
│                                                  │ │                                                                                     │
│                                                  │ │                                                                                     │
│                                                  │ │                                                                                     │
│                                                  │ │                                                                                     │
│                                                  │ │                                                                                     │
│                                                  │ │                                                                                     │
│                                                  │ │                                                                                     │
│                                                  │ │                                                                                     │
│                                                  │ │                                                                                     │
│                                                  │ │                                                                                     │
│                                                  │ │                                                                                     │
│                                                  │ │                                                                                     │
│                                                  │ │                                                                                     │
│    / search  ↑/↓ nav  ⏎ open                     │ │                                                                                     │
╰──────────────────────────────────────────────────╯ ╰─────────────────────────────────────────────────────────────────────────────────────╯