╭──────────────────────────────────────────────────╮ ╭─────────────────────────────────────────────────────────────────────────────────────╮
│ people                                         4 │ │ details                                             ↑/↓ meeting · ⏎ open · tab back │
│ ──────────────────────────────────────────────── │ │ ─────────────────────────────────────────────────────────────────────────────────── │
│ Directory                                        │ │ Alice Nguyen                                                                        │
│                                                  │ │ she/her  ·  Work @ noto                                                             │
│  ▸ Alice Nguyen                   2 mtg · May 20 │ │                                                                                     │
│    Bob Martins                    2 mtg · May 20 │ │ Notes                                                                               │
│    Carol Reyes                    1 mtg · May 20 │ │   Eng lead. Owns roadmap + the search v2 ship.                                      │
│    Dana Okafor                             1 mtg │ │                                                                                     │
│                                                  │ │ Affiliations                                                                        │
│                                                  │ │   Work · noto                                                                       │
│                                                  │ │     alice@noto.app                                                                  │
│                                                  │ │                                                                                     │
│                                                  │ │ Meetings (2)                                                                        │
│                                                  │ │    May 20  Q2 Roadmap Sync                                                ✓ auto    │
│                                                  │ │  ▸ May 20  Design review: Search v2                                       ✓ auto    │
│                                                  │ │                                                                                     │
│                                                  │ │   ↑/↓ meeting   ⏎ open   ⇥ back                                                     │
│                                                  │ │                                                                                     │
│                                                  │ │                                                                                     │
│                                                  │ │                                                                                     │
│                                                  │ │                                                                                     │
│                                                  │ │                                                                                     │
│                                                  │ │                                                                                     │
│                                                  │ │                                                                                     │
│                                                  │ │                                                                                     │
│                                                  │ │                                                                                     │
│   ↑/↓ select                                     │ │                                                                                     │
│   e/d edit/delete   m merge                      │ │                                                                                     │
╰──────────────────────────────────────────────────╯ ╰─────────────────────────────────────────────────────────────────────────────────────╯